// Jest Snapshot v1, https://goo.gl/fbAQLP

exports[`NewPoll will match snapshot 1`] = `
Object {
  "asFragment": [Function],
  "baseElement": <body>
    <div>
      <div>
        <h2>
          Would You Rather?
        </h2>
        <h4>
          Create Your Own Poll
        </h4>
        <form
          class="new-poll"
        >
          <div
            class="new-poll-inputs-container"
          >
            <input
              class="new-poll-input"
              placeholder="Option One..."
              type="text"
              value=""
            />
            <input
              class="new-poll-input"
              placeholder="Option Two..."
              type="text"
              value=""
            />
          </div>
          <div>
            <button
              class="btn btn-new-poll"
              disabled=""
              type="submit"
            >
              Submit
            </button>
          </div>
        </form>
      </div>
    </div>
  </body>,
  "container": <div>
    <div>
      <h2>
        Would You Rather?
      </h2>
      <h4>
        Create Your Own Poll
      </h4>
      <form
        class="new-poll"
      >
        <div
          class="new-poll-inputs-container"
        >
          <input
            class="new-poll-input"
            placeholder="Option One..."
            type="text"
            value=""
          />
          <input
            class="new-poll-input"
            placeholder="Option Two..."
            type="text"
            value=""
          />
        </div>
        <div>
          <button
            class="btn btn-new-poll"
            disabled=""
            type="submit"
          >
            Submit
          </button>
        </div>
      </form>
    </div>
  </div>,
  "debug": [Function],
  "findAllByAltText": [Function],
  "findAllByDisplayValue": [Function],
  "findAllByLabelText": [Function],
  "findAllByPlaceholderText": [Function],
  "findAllByRole": [Function],
  "findAllByTestId": [Function],
  "findAllByText": [Function],
  "findAllByTitle": [Function],
  "findByAltText": [Function],
  "findByDisplayValue": [Function],
  "findByLabelText": [Function],
  "findByPlaceholderText": [Function],
  "findByRole": [Function],
  "findByTestId": [Function],
  "findByText": [Function],
  "findByTitle": [Function],
  "getAllByAltText": [Function],
  "getAllByDisplayValue": [Function],
  "getAllByLabelText": [Function],
  "getAllByPlaceholderText": [Function],
  "getAllByRole": [Function],
  "getAllByTestId": [Function],
  "getAllByText": [Function],
  "getAllByTitle": [Function],
  "getByAltText": [Function],
  "getByDisplayValue": [Function],
  "getByLabelText": [Function],
  "getByPlaceholderText": [Function],
  "getByRole": [Function],
  "getByTestId": [Function],
  "getByText": [Function],
  "getByTitle": [Function],
  "queryAllByAltText": [Function],
  "queryAllByDisplayValue": [Function],
  "queryAllByLabelText": [Function],
  "queryAllByPlaceholderText": [Function],
  "queryAllByRole": [Function],
  "queryAllByTestId": [Function],
  "queryAllByText": [Function],
  "queryAllByTitle": [Function],
  "queryByAltText": [Function],
  "queryByDisplayValue": [Function],
  "queryByLabelText": [Function],
  "queryByPlaceholderText": [Function],
  "queryByRole": [Function],
  "queryByTestId": [Function],
  "queryByText": [Function],
  "queryByTitle": [Function],
  "rerender": [Function],
  "unmount": [Function],
}
`;
